[ec2-user@ip-10-1-11-83 ~]$ mysql --version
mysql  Ver 15.1 Distrib 5.5.68-MariaDB, for Linux (x86_64) using readline 5.1
[ec2-user@ip-10-1-11-83 ~]$ mysql -h udacity.c0apenamcn6z.us-east-1.rds.amazonaws.com -u admin -p
Enter password:
Welcome to the MariaDB monitor.  Commands end with ; or \g.
Your MySQL connection id is 68
Server version: 8.0.28 Source distribution

Copyright (c) 2000, 2018, Oracle, MariaDB Corporation Ab and others.

Type 'help;' or '\h' for help. Type '\c' to clear the current input statement.

MySQL [(none)]> show databases;
+--------------------+
| Database           |
+--------------------+
| information_schema |
| mysql              |
| performance_schema |
| sys                |
| udacity            |
+--------------------+
5 rows in set (0.00 sec)

MySQL [(none)]> use udacity;
Database changed
MySQL [udacity]> CREATE TABLE udacity_table (id INT, username NVARCHAR(50), email NVARCHAR(50));
Query OK, 0 rows affected, 2 warnings (0.06 sec)

MySQL [udacity]> INSERT INTO udacity_table (id,name,email) VALUES(1,"Asmaa","asmaa.mosleh2014@gmail.com");
ERROR 1054 (42S22): Unknown column 'name' in 'field list'
MySQL [udacity]> INSERT INTO udacity_table (id,name,email) VALUES(1,"Asmaa","asmaa.mosleh2014@gmail.com");clear
ERROR 1146 (42S02): Table 'udacity.udacity_table' doesn't exist
    -> Ctrl-C -- exit!
Aborted
[ec2-user@ip-10-1-11-83 ~]$ clear
[ec2-user@ip-10-1-11-83 ~]$ mysql --version
mysql  Ver 15.1 Distrib 5.5.68-MariaDB, for Linux (x86_64) using readline 5.1
[ec2-user@ip-10-1-11-83 ~]$ mysql -h udacity.c0apenamcn6z.us-east-1.rds.amazonaws.com -u admin -p
Enter password:
Welcome to the MariaDB monitor.  Commands end with ; or \g.
Your MySQL connection id is 70
Server version: 8.0.28 Source distribution

Copyright (c) 2000, 2018, Oracle, MariaDB Corporation Ab and others.

Type 'help;' or '\h' for help. Type '\c' to clear the current input statement.

MySQL [(none)]> show databases;
+--------------------+
| Database           |
+--------------------+
| information_schema |
| mysql              |
| performance_schema |
| sys                |
| udacity            |
+--------------------+
5 rows in set (0.00 sec)

MySQL [(none)]> use udacity;
Database changed
MySQL [udacity]> CREATE TABLE udacity_table (id INT, username NVARCHAR(50), email NVARCHAR(50));
Query OK, 0 rows affected, 2 warnings (0.07 sec)

MySQL [udacity]> INSERT INTO udacity_table (id,username,email) VALUES(1,"Asmaa","asmaa.mosleh2014@gmail.com");
Query OK, 1 row affected (0.01 sec)

MySQL [udacity]> SELECT * FROM udacity_table;
+------+----------+----------------------------+
| id   | username | email                      |
+------+----------+----------------------------+
|    1 | Asmaa    | asmaa.mosleh2014@gmail.com |
+------+----------+----------------------------+
1 row in set (0.00 sec)

MySQL [udacity]>
